// Jest Snapshot v1, https://goo.gl/fbAQLP

exports[`index.vue renders correctly 1`] = `
"<div class=\\"page page--intro\\">
  <!---->
  <pager-stub></pager-stub>
</div>"
`;
