// Jest Snapshot v1, https://goo.gl/fbAQLP

exports[`Navbar.vue renders correctly 1`] = `
"<nav class=\\"nav\\">
  <div class=\\"nav__button\\">&gt; Table of Contents</div>
  <div class=\\"nav__list-container\\">
    <ul class=\\"nav__list\\">
      <li class=\\"list__item\\"><a>
          title1
        </a></li>
      <li class=\\"list__item\\"><a>
          title2
        </a></li>
      <li class=\\"list__item\\"><a>
          title3
        </a></li>
    </ul>
  </div>
</nav>"
`;
