// Jest Snapshot v1, https://goo.gl/fbAQLP

exports[`Pager.vue renders correctly 1`] = `
"<div class=\\"pager\\">
  <!---->
  <!---->
</div>"
`;
